../U8GLIB/Src/Display.c:84:9:Inicia_display	24	static
../U8GLIB/Src/Display.c:146:6:Tela_Inicial_PRO	64	static,ignoring_inline_asm
../U8GLIB/Src/Display.c:495:6:Draw_menu_master	40	static
../U8GLIB/Src/Display.c:555:6:Draw_nova_altura	24	static
../U8GLIB/Src/Display.c:691:6:Draw_nova_altura_temp	24	static
../U8GLIB/Src/Display.c:807:6:Draw_caixa_dialogo_consulta	40	static
../U8GLIB/Src/Display.c:830:6:Draw_caixa_dialogo_consulta_S_N	40	static
../U8GLIB/Src/Display.c:853:6:Draw_caixa_dialogo_aviso	40	static
../U8GLIB/Src/Display.c:873:6:Draw_caixa_dialogo_consulta_apenas_SIM	40	static
../U8GLIB/Src/Display.c:893:6:Draw_bluetooth	32	static
../U8GLIB/Src/Display.c:934:6:Draw_caixa_dialogo_notifica2	40	static
../U8GLIB/Src/Display.c:1026:6:Draw_compressor_tempos	32	static
../U8GLIB/Src/Display.c:1075:6:Draw_compressor_tempos_2	32	static
../U8GLIB/Src/Display.c:1126:6:Draw_compressor_pressoes	32	static
../U8GLIB/Src/Display.c:1175:6:Draw_compressor_pressoes_2	32	static
../U8GLIB/Src/Display.c:1226:6:Draw_imprime_passo	32	static
../U8GLIB/Src/Display.c:1246:6:Draw_imprime_passo_GIGA	24	static
../U8GLIB/Src/Display.c:1352:7:desenha_banco	40	static
../U8GLIB/Src/Display.c:1349:6:Draw_Ocupantes	32	static
../U8GLIB/Src/Display.c:1465:6:u8g_My_SetaFonte	16	static
